in_code: |-
  #def GET_STR_LEN 1; макроопределения
  len_fetch:
      read_ind    in_1
      mul         byt_count
      add         %1 ;запись 4-х байного числа в переменную sym_count
      write       %1
      read        byt_count
      sub         total_b_co
      beq         loop
      read        byt_count
      mul         mult
      write       byt_count
      jump        len_fetch
  #enddef

      .data
  const_1:    .num    1
  out_1:      .num    4
  in_1:       .num    0 ;пусть передана паскаль строка
  sym_count:  .num    0
  mask:       .num    255
  mult:       .num    256 ;константа для корректного парсинга чисел
  byt_count:  .num    1
  total_b_co: .num    16777216
      .text
  _start:
      GET_STR_LEN sym_count
  loop:
      read_ind    in_1
      write_ind   out_1
      read        sym_count
      sub         const_1
      beq         end ;проверка на конец
      write       sym_count
      jump        loop
  end:
      halt


in_stdin: cPavel

out_code_hex: |-
  8 - data - 01000000          const_1
  12 - data - 04000000          out_1
  16 - data - 00000000          in_1
  20 - data - 00000000          sym_count
  24 - data - ff000000          mask
  28 - data - 00010000          mult
  32 - data - 01000000          byt_count
  36 - data - 00000001          total_b_co
  40 - 0x0d 10000000 - read value from address in arg          len_fetch
  45 - 0x05 20000000 - multiply
  50 - 0x03 14000000 - add
  55 - 0x02 14000000 - write
  60 - 0x01 20000000 - read
  65 - 0x04 24000000 - subtract
  70 - 0x08 5f000000 - jump if equal
  75 - 0x01 20000000 - read
  80 - 0x05 1c000000 - multiply
  85 - 0x02 20000000 - write
  90 - 0x0c 28000000 - jump
  95 - 0x0d 10000000 - read value from address in arg          loop
  100 - 0x0e 0c000000 - write value from address in arg
  105 - 0x01 14000000 - read
  110 - 0x04 08000000 - subtract
  115 - 0x08 82000000 - jump if equal
  120 - 0x02 14000000 - write
  125 - 0x0c 5f000000 - jump
  130 - 0x10 - halt          end


out_stdout: |
  source LoC: 37 code instr: 20
  ============================================================


out_log: |-
  DEBUG    root:machine.py:553 TICK:   0 MPC: 0 PC:  40 ADDR:   0 DATA_OP: 0 ACC: 0
  DEBUG    root:machine.py:557 TICK:   1 MPC: 1 PC:  40 ADDR:  40 DATA_OP: 4109 ACC: 0
  DEBUG    root:machine.py:557 TICK:   2 MPC: 15 PC:  41 ADDR:  40 DATA_OP: 4109 ACC: 0
  DEBUG    root:machine.py:557 TICK:   3 MPC: 16 PC:  41 ADDR:  41 DATA_OP: 16 ACC: 0
  DEBUG    root:machine.py:557 TICK:   4 MPC: 17 PC:  45 ADDR:  16 DATA_OP: 16 ACC: 0
  DEBUG    root:machine.py:557 TICK:   5 MPC: 18 PC:  45 ADDR:  16 DATA_OP: 0 ACC: 0
  DEBUG    root:machine.py:557 TICK:   6 MPC: 19 PC:  45 ADDR:   0 DATA_OP: 0 ACC: 0
  DEBUG    root:machine.py:177 input: 0
  DEBUG    root:machine.py:557 TICK:   7 MPC: 20 PC:  45 ADDR:   0 DATA_OP: 5 ACC: 0
  DEBUG    root:machine.py:557 TICK:   8 MPC: 21 PC:  45 ADDR:  45 DATA_OP: 5 ACC: 5
  DEBUG    root:machine.py:557 TICK:   9 MPC: 22 PC:  45 ADDR:  45 DATA_OP: 8197 ACC: 5
  DEBUG    root:machine.py:557 TICK:  10 MPC: 41 PC:  46 ADDR:  45 DATA_OP: 8197 ACC: 5
  DEBUG    root:machine.py:557 TICK:  11 MPC: 42 PC:  46 ADDR:  46 DATA_OP: 32 ACC: 5
  DEBUG    root:machine.py:557 TICK:  12 MPC: 43 PC:  50 ADDR:  32 DATA_OP: 32 ACC: 5
  DEBUG    root:machine.py:557 TICK:  13 MPC: 44 PC:  50 ADDR:  32 DATA_OP: 1 ACC: 5
  DEBUG    root:machine.py:557 TICK:  14 MPC: 45 PC:  50 ADDR:  50 DATA_OP: 1 ACC: 5
  DEBUG    root:machine.py:557 TICK:  15 MPC: 46 PC:  50 ADDR:  50 DATA_OP: 5123 ACC: 5
  DEBUG    root:machine.py:557 TICK:  16 MPC: 29 PC:  51 ADDR:  50 DATA_OP: 5123 ACC: 5
  DEBUG    root:machine.py:557 TICK:  17 MPC: 30 PC:  51 ADDR:  51 DATA_OP: 20 ACC: 5
  DEBUG    root:machine.py:557 TICK:  18 MPC: 31 PC:  55 ADDR:  20 DATA_OP: 20 ACC: 5
  DEBUG    root:machine.py:557 TICK:  19 MPC: 32 PC:  55 ADDR:  20 DATA_OP: 0 ACC: 5
  DEBUG    root:machine.py:557 TICK:  20 MPC: 33 PC:  55 ADDR:  55 DATA_OP: 0 ACC: 5
  DEBUG    root:machine.py:557 TICK:  21 MPC: 34 PC:  55 ADDR:  55 DATA_OP: 5122 ACC: 5
  DEBUG    root:machine.py:557 TICK:  22 MPC: 11 PC:  56 ADDR:  55 DATA_OP: 5122 ACC: 5
  DEBUG    root:machine.py:557 TICK:  23 MPC: 12 PC:  56 ADDR:  56 DATA_OP: 20 ACC: 5
  DEBUG    root:machine.py:557 TICK:  24 MPC: 13 PC:  60 ADDR:  20 DATA_OP: 20 ACC: 5
  DEBUG    root:machine.py:557 TICK:  25 MPC: 14 PC:  60 ADDR:  60 DATA_OP: 8193 ACC: 5
  DEBUG    root:machine.py:557 TICK:  26 MPC: 5 PC:  61 ADDR:  60 DATA_OP: 8193 ACC: 5
  DEBUG    root:machine.py:557 TICK:  27 MPC: 6 PC:  61 ADDR:  61 DATA_OP: 32 ACC: 5
  DEBUG    root:machine.py:557 TICK:  28 MPC: 7 PC:  65 ADDR:  32 DATA_OP: 32 ACC: 5
  DEBUG    root:machine.py:557 TICK:  29 MPC: 8 PC:  65 ADDR:  32 DATA_OP: 1 ACC: 5
  DEBUG    root:machine.py:557 TICK:  30 MPC: 9 PC:  65 ADDR:  65 DATA_OP: 1 ACC: 1
  DEBUG    root:machine.py:557 TICK:  31 MPC: 10 PC:  65 ADDR:  65 DATA_OP: 9220 ACC: 1
  DEBUG    root:machine.py:557 TICK:  32 MPC: 35 PC:  66 ADDR:  65 DATA_OP: 9220 ACC: 1
  DEBUG    root:machine.py:557 TICK:  33 MPC: 36 PC:  66 ADDR:  66 DATA_OP: 36 ACC: 1
  DEBUG    root:machine.py:557 TICK:  34 MPC: 37 PC:  70 ADDR:  36 DATA_OP: 36 ACC: 1
  DEBUG    root:machine.py:557 TICK:  35 MPC: 38 PC:  70 ADDR:  36 DATA_OP: 16777216 ACC: 1
  DEBUG    root:machine.py:557 TICK:  36 MPC: 39 PC:  70 ADDR:  70 DATA_OP: 16777216 ACC: -16777215
  DEBUG    root:machine.py:557 TICK:  37 MPC: 40 PC:  70 ADDR:  70 DATA_OP: 24328 ACC: -16777215
  DEBUG    root:machine.py:557 TICK:  38 MPC: 65 PC:  71 ADDR:  70 DATA_OP: 24328 ACC: -16777215
  DEBUG    root:machine.py:557 TICK:  39 MPC: 66 PC:  71 ADDR:  71 DATA_OP: 95 ACC: -16777215
  DEBUG    root:machine.py:557 TICK:  40 MPC: 67 PC:  75 ADDR:  71 DATA_OP: 95 ACC: -16777215
  DEBUG    root:machine.py:557 TICK:  41 MPC: 68 PC:  75 ADDR:  75 DATA_OP: 8193 ACC: -16777215
  DEBUG    root:machine.py:557 TICK:  42 MPC: 5 PC:  76 ADDR:  75 DATA_OP: 8193 ACC: -16777215
  DEBUG    root:machine.py:557 TICK:  43 MPC: 6 PC:  76 ADDR:  76 DATA_OP: 32 ACC: -16777215
  DEBUG    root:machine.py:557 TICK:  44 MPC: 7 PC:  80 ADDR:  32 DATA_OP: 32 ACC: -16777215
  DEBUG    root:machine.py:557 TICK:  45 MPC: 8 PC:  80 ADDR:  32 DATA_OP: 1 ACC: -16777215
  DEBUG    root:machine.py:557 TICK:  46 MPC: 9 PC:  80 ADDR:  80 DATA_OP: 1 ACC: 1
  DEBUG    root:machine.py:557 TICK:  47 MPC: 10 PC:  80 ADDR:  80 DATA_OP: 7173 ACC: 1
  DEBUG    root:machine.py:557 TICK:  48 MPC: 41 PC:  81 ADDR:  80 DATA_OP: 7173 ACC: 1
  DEBUG    root:machine.py:557 TICK:  49 MPC: 42 PC:  81 ADDR:  81 DATA_OP: 28 ACC: 1
  DEBUG    root:machine.py:557 TICK:  50 MPC: 43 PC:  85 ADDR:  28 DATA_OP: 28 ACC: 1
  DEBUG    root:machine.py:557 TICK:  51 MPC: 44 PC:  85 ADDR:  28 DATA_OP: 256 ACC: 1
  DEBUG    root:machine.py:557 TICK:  52 MPC: 45 PC:  85 ADDR:  85 DATA_OP: 256 ACC: 256
  DEBUG    root:machine.py:557 TICK:  53 MPC: 46 PC:  85 ADDR:  85 DATA_OP: 8194 ACC: 256
  DEBUG    root:machine.py:557 TICK:  54 MPC: 11 PC:  86 ADDR:  85 DATA_OP: 8194 ACC: 256
  DEBUG    root:machine.py:557 TICK:  55 MPC: 12 PC:  86 ADDR:  86 DATA_OP: 32 ACC: 256
  DEBUG    root:machine.py:557 TICK:  56 MPC: 13 PC:  90 ADDR:  32 DATA_OP: 32 ACC: 256
  DEBUG    root:machine.py:557 TICK:  57 MPC: 14 PC:  90 ADDR:  90 DATA_OP: 10252 ACC: 256
  DEBUG    root:machine.py:557 TICK:  58 MPC: 81 PC:  91 ADDR:  90 DATA_OP: 10252 ACC: 256
  DEBUG    root:machine.py:557 TICK:  59 MPC: 82 PC:  91 ADDR:  91 DATA_OP: 40 ACC: 256
  DEBUG    root:machine.py:557 TICK:  60 MPC: 83 PC:  40 ADDR:  91 DATA_OP: 40 ACC: 256
  DEBUG    root:machine.py:557 TICK:  61 MPC: 84 PC:  40 ADDR:  40 DATA_OP: 4109 ACC: 256
  DEBUG    root:machine.py:557 TICK:  62 MPC: 15 PC:  41 ADDR:  40 DATA_OP: 4109 ACC: 256
  DEBUG    root:machine.py:557 TICK:  63 MPC: 16 PC:  41 ADDR:  41 DATA_OP: 16 ACC: 256
  DEBUG    root:machine.py:557 TICK:  64 MPC: 17 PC:  45 ADDR:  16 DATA_OP: 16 ACC: 256
  DEBUG    root:machine.py:557 TICK:  65 MPC: 18 PC:  45 ADDR:  16 DATA_OP: 0 ACC: 256
  DEBUG    root:machine.py:557 TICK:  66 MPC: 19 PC:  45 ADDR:   0 DATA_OP: 0 ACC: 256
  DEBUG    root:machine.py:177 input: np.int32(256)
  DEBUG    root:machine.py:557 TICK:  67 MPC: 20 PC:  45 ADDR:   0 DATA_OP: 0 ACC: 256
  DEBUG    root:machine.py:557 TICK:  68 MPC: 21 PC:  45 ADDR:  45 DATA_OP: 0 ACC: 0
  DEBUG    root:machine.py:557 TICK:  69 MPC: 22 PC:  45 ADDR:  45 DATA_OP: 8197 ACC: 0
  DEBUG    root:machine.py:557 TICK:  70 MPC: 41 PC:  46 ADDR:  45 DATA_OP: 8197 ACC: 0
  DEBUG    root:machine.py:557 TICK:  71 MPC: 42 PC:  46 ADDR:  46 DATA_OP: 32 ACC: 0
  DEBUG    root:machine.py:557 TICK:  72 MPC: 43 PC:  50 ADDR:  32 DATA_OP: 32 ACC: 0
  DEBUG    root:machine.py:557 TICK:  73 MPC: 44 PC:  50 ADDR:  32 DATA_OP: 256 ACC: 0
  DEBUG    root:machine.py:557 TICK:  74 MPC: 45 PC:  50 ADDR:  50 DATA_OP: 256 ACC: 0
  DEBUG    root:machine.py:557 TICK:  75 MPC: 46 PC:  50 ADDR:  50 DATA_OP: 5123 ACC: 0
  DEBUG    root:machine.py:557 TICK:  76 MPC: 29 PC:  51 ADDR:  50 DATA_OP: 5123 ACC: 0
  DEBUG    root:machine.py:557 TICK:  77 MPC: 30 PC:  51 ADDR:  51 DATA_OP: 20 ACC: 0
  DEBUG    root:machine.py:557 TICK:  78 MPC: 31 PC:  55 ADDR:  20 DATA_OP: 20 ACC: 0
  DEBUG    root:machine.py:557 TICK:  79 MPC: 32 PC:  55 ADDR:  20 DATA_OP: 5 ACC: 0
  DEBUG    root:machine.py:557 TICK:  80 MPC: 33 PC:  55 ADDR:  55 DATA_OP: 5 ACC: 5
  DEBUG    root:machine.py:557 TICK:  81 MPC: 34 PC:  55 ADDR:  55 DATA_OP: 5122 ACC: 5
  DEBUG    root:machine.py:557 TICK:  82 MPC: 11 PC:  56 ADDR:  55 DATA_OP: 5122 ACC: 5
  DEBUG    root:machine.py:557 TICK:  83 MPC: 12 PC:  56 ADDR:  56 DATA_OP: 20 ACC: 5
  DEBUG    root:machine.py:557 TICK:  84 MPC: 13 PC:  60 ADDR:  20 DATA_OP: 20 ACC: 5
  DEBUG    root:machine.py:557 TICK:  85 MPC: 14 PC:  60 ADDR:  60 DATA_OP: 8193 ACC: 5
  DEBUG    root:machine.py:557 TICK:  86 MPC: 5 PC:  61 ADDR:  60 DATA_OP: 8193 ACC: 5
  DEBUG    root:machine.py:557 TICK:  87 MPC: 6 PC:  61 ADDR:  61 DATA_OP: 32 ACC: 5
  DEBUG    root:machine.py:557 TICK:  88 MPC: 7 PC:  65 ADDR:  32 DATA_OP: 32 ACC: 5
  DEBUG    root:machine.py:557 TICK:  89 MPC: 8 PC:  65 ADDR:  32 DATA_OP: 256 ACC: 5
  DEBUG    root:machine.py:557 TICK:  90 MPC: 9 PC:  65 ADDR:  65 DATA_OP: 256 ACC: 256
  DEBUG    root:machine.py:557 TICK:  91 MPC: 10 PC:  65 ADDR:  65 DATA_OP: 9220 ACC: 256
  DEBUG    root:machine.py:557 TICK:  92 MPC: 35 PC:  66 ADDR:  65 DATA_OP: 9220 ACC: 256
  DEBUG    root:machine.py:557 TICK:  93 MPC: 36 PC:  66 ADDR:  66 DATA_OP: 36 ACC: 256
  DEBUG    root:machine.py:557 TICK:  94 MPC: 37 PC:  70 ADDR:  36 DATA_OP: 36 ACC: 256
  DEBUG    root:machine.py:557 TICK:  95 MPC: 38 PC:  70 ADDR:  36 DATA_OP: 16777216 ACC: 256
  DEBUG    root:machine.py:557 TICK:  96 MPC: 39 PC:  70 ADDR:  70 DATA_OP: 16777216 ACC: -16776960
  DEBUG    root:machine.py:557 TICK:  97 MPC: 40 PC:  70 ADDR:  70 DATA_OP: 24328 ACC: -16776960
  DEBUG    root:machine.py:557 TICK:  98 MPC: 65 PC:  71 ADDR:  70 DATA_OP: 24328 ACC: -16776960
  DEBUG    root:machine.py:557 TICK:  99 MPC: 66 PC:  71 ADDR:  71 DATA_OP: 95 ACC: -16776960
  DEBUG    root:machine.py:557 TICK: 100 MPC: 67 PC:  75 ADDR:  71 DATA_OP: 95 ACC: -16776960
  DEBUG    root:machine.py:557 TICK: 101 MPC: 68 PC:  75 ADDR:  75 DATA_OP: 8193 ACC: -16776960
  DEBUG    root:machine.py:557 TICK: 102 MPC: 5 PC:  76 ADDR:  75 DATA_OP: 8193 ACC: -16776960
  DEBUG    root:machine.py:557 TICK: 103 MPC: 6 PC:  76 ADDR:  76 DATA_OP: 32 ACC: -16776960
  DEBUG    root:machine.py:557 TICK: 104 MPC: 7 PC:  80 ADDR:  32 DATA_OP: 32 ACC: -16776960
  DEBUG    root:machine.py:557 TICK: 105 MPC: 8 PC:  80 ADDR:  32 DATA_OP: 256 ACC: -16776960
  DEBUG    root:machine.py:557 TICK: 106 MPC: 9 PC:  80 ADDR:  80 DATA_OP: 256 ACC: 256
  DEBUG    root:machine.py:557 TICK: 107 MPC: 10 PC:  80 ADDR:  80 DATA_OP: 7173 ACC: 256
  DEBUG    root:machine.py:557 TICK: 108 MPC: 41 PC:  81 ADDR:  80 DATA_OP: 7173 ACC: 256
  DEBUG    root:machine.py:557 TICK: 109 MPC: 42 PC:  81 ADDR:  81 DATA_OP: 28 ACC: 256
  DEBUG    root:machine.py:557 TICK: 110 MPC: 43 PC:  85 ADDR:  28 DATA_OP: 28 ACC: 256
  DEBUG    root:machine.py:557 TICK: 111 MPC: 44 PC:  85 ADDR:  28 DATA_OP: 256 ACC: 256
  DEBUG    root:machine.py:557 TICK: 112 MPC: 45 PC:  85 ADDR:  85 DATA_OP: 256 ACC: 65536
  DEBUG    root:machine.py:557 TICK: 113 MPC: 46 PC:  85 ADDR:  85 DATA_OP: 8194 ACC: 65536
  DEBUG    root:machine.py:557 TICK: 114 MPC: 11 PC:  86 ADDR:  85 DATA_OP: 8194 ACC: 65536
  DEBUG    root:machine.py:557 TICK: 115 MPC: 12 PC:  86 ADDR:  86 DATA_OP: 32 ACC: 65536
  DEBUG    root:machine.py:557 TICK: 116 MPC: 13 PC:  90 ADDR:  32 DATA_OP: 32 ACC: 65536
  DEBUG    root:machine.py:557 TICK: 117 MPC: 14 PC:  90 ADDR:  90 DATA_OP: 10252 ACC: 65536
  DEBUG    root:machine.py:557 TICK: 118 MPC: 81 PC:  91 ADDR:  90 DATA_OP: 10252 ACC: 65536
  DEBUG    root:machine.py:557 TICK: 119 MPC: 82 PC:  91 ADDR:  91 DATA_OP: 40 ACC: 65536
  DEBUG    root:machine.py:557 TICK: 120 MPC: 83 PC:  40 ADDR:  91 DATA_OP: 40 ACC: 65536
  DEBUG    root:machine.py:557 TICK: 121 MPC: 84 PC:  40 ADDR:  40 DATA_OP: 4109 ACC: 65536
  DEBUG    root:machine.py:557 TICK: 122 MPC: 15 PC:  41 ADDR:  40 DATA_OP: 4109 ACC: 65536
  DEBUG    root:machine.py:557 TICK: 123 MPC: 16 PC:  41 ADDR:  41 DATA_OP: 16 ACC: 65536
  DEBUG    root:machine.py:557 TICK: 124 MPC: 17 PC:  45 ADDR:  16 DATA_OP: 16 ACC: 65536
  DEBUG    root:machine.py:557 TICK: 125 MPC: 18 PC:  45 ADDR:  16 DATA_OP: 0 ACC: 65536
  DEBUG    root:machine.py:557 TICK: 126 MPC: 19 PC:  45 ADDR:   0 DATA_OP: 0 ACC: 65536
  DEBUG    root:machine.py:177 input: np.int32(65536)
  DEBUG    root:machine.py:557 TICK: 127 MPC: 20 PC:  45 ADDR:   0 DATA_OP: 0 ACC: 65536
  DEBUG    root:machine.py:557 TICK: 128 MPC: 21 PC:  45 ADDR:  45 DATA_OP: 0 ACC: 0
  DEBUG    root:machine.py:557 TICK: 129 MPC: 22 PC:  45 ADDR:  45 DATA_OP: 8197 ACC: 0
  DEBUG    root:machine.py:557 TICK: 130 MPC: 41 PC:  46 ADDR:  45 DATA_OP: 8197 ACC: 0
  DEBUG    root:machine.py:557 TICK: 131 MPC: 42 PC:  46 ADDR:  46 DATA_OP: 32 ACC: 0
  DEBUG    root:machine.py:557 TICK: 132 MPC: 43 PC:  50 ADDR:  32 DATA_OP: 32 ACC: 0
  DEBUG    root:machine.py:557 TICK: 133 MPC: 44 PC:  50 ADDR:  32 DATA_OP: 65536 ACC: 0
  DEBUG    root:machine.py:557 TICK: 134 MPC: 45 PC:  50 ADDR:  50 DATA_OP: 65536 ACC: 0
  DEBUG    root:machine.py:557 TICK: 135 MPC: 46 PC:  50 ADDR:  50 DATA_OP: 5123 ACC: 0
  DEBUG    root:machine.py:557 TICK: 136 MPC: 29 PC:  51 ADDR:  50 DATA_OP: 5123 ACC: 0
  DEBUG    root:machine.py:557 TICK: 137 MPC: 30 PC:  51 ADDR:  51 DATA_OP: 20 ACC: 0
  DEBUG    root:machine.py:557 TICK: 138 MPC: 31 PC:  55 ADDR:  20 DATA_OP: 20 ACC: 0
  DEBUG    root:machine.py:557 TICK: 139 MPC: 32 PC:  55 ADDR:  20 DATA_OP: 5 ACC: 0
  DEBUG    root:machine.py:557 TICK: 140 MPC: 33 PC:  55 ADDR:  55 DATA_OP: 5 ACC: 5
  DEBUG    root:machine.py:557 TICK: 141 MPC: 34 PC:  55 ADDR:  55 DATA_OP: 5122 ACC: 5
  DEBUG    root:machine.py:557 TICK: 142 MPC: 11 PC:  56 ADDR:  55 DATA_OP: 5122 ACC: 5
  DEBUG    root:machine.py:557 TICK: 143 MPC: 12 PC:  56 ADDR:  56 DATA_OP: 20 ACC: 5
  DEBUG    root:machine.py:557 TICK: 144 MPC: 13 PC:  60 ADDR:  20 DATA_OP: 20 ACC: 5
  DEBUG    root:machine.py:557 TICK: 145 MPC: 14 PC:  60 ADDR:  60 DATA_OP: 8193 ACC: 5
  DEBUG    root:machine.py:557 TICK: 146 MPC: 5 PC:  61 ADDR:  60 DATA_OP: 8193 ACC: 5
  DEBUG    root:machine.py:557 TICK: 147 MPC: 6 PC:  61 ADDR:  61 DATA_OP: 32 ACC: 5
  DEBUG    root:machine.py:557 TICK: 148 MPC: 7 PC:  65 ADDR:  32 DATA_OP: 32 ACC: 5
  DEBUG    root:machine.py:557 TICK: 149 MPC: 8 PC:  65 ADDR:  32 DATA_OP: 65536 ACC: 5
  DEBUG    root:machine.py:557 TICK: 150 MPC: 9 PC:  65 ADDR:  65 DATA_OP: 65536 ACC: 65536
  DEBUG    root:machine.py:557 TICK: 151 MPC: 10 PC:  65 ADDR:  65 DATA_OP: 9220 ACC: 65536
  DEBUG    root:machine.py:557 TICK: 152 MPC: 35 PC:  66 ADDR:  65 DATA_OP: 9220 ACC: 65536
  DEBUG    root:machine.py:557 TICK: 153 MPC: 36 PC:  66 ADDR:  66 DATA_OP: 36 ACC: 65536
  DEBUG    root:machine.py:557 TICK: 154 MPC: 37 PC:  70 ADDR:  36 DATA_OP: 36 ACC: 65536
  DEBUG    root:machine.py:557 TICK: 155 MPC: 38 PC:  70 ADDR:  36 DATA_OP: 16777216 ACC: 65536
  DEBUG    root:machine.py:557 TICK: 156 MPC: 39 PC:  70 ADDR:  70 DATA_OP: 16777216 ACC: -16711680
  DEBUG    root:machine.py:557 TICK: 157 MPC: 40 PC:  70 ADDR:  70 DATA_OP: 24328 ACC: -16711680
  DEBUG    root:machine.py:557 TICK: 158 MPC: 65 PC:  71 ADDR:  70 DATA_OP: 24328 ACC: -16711680
  DEBUG    root:machine.py:557 TICK: 159 MPC: 66 PC:  71 ADDR:  71 DATA_OP: 95 ACC: -16711680
  DEBUG    root:machine.py:557 TICK: 160 MPC: 67 PC:  75 ADDR:  71 DATA_OP: 95 ACC: -16711680
  DEBUG    root:machine.py:557 TICK: 161 MPC: 68 PC:  75 ADDR:  75 DATA_OP: 8193 ACC: -16711680
  DEBUG    root:machine.py:557 TICK: 162 MPC: 5 PC:  76 ADDR:  75 DATA_OP: 8193 ACC: -16711680
  DEBUG    root:machine.py:557 TICK: 163 MPC: 6 PC:  76 ADDR:  76 DATA_OP: 32 ACC: -16711680
  DEBUG    root:machine.py:557 TICK: 164 MPC: 7 PC:  80 ADDR:  32 DATA_OP: 32 ACC: -16711680
  DEBUG    root:machine.py:557 TICK: 165 MPC: 8 PC:  80 ADDR:  32 DATA_OP: 65536 ACC: -16711680
  DEBUG    root:machine.py:557 TICK: 166 MPC: 9 PC:  80 ADDR:  80 DATA_OP: 65536 ACC: 65536
  DEBUG    root:machine.py:557 TICK: 167 MPC: 10 PC:  80 ADDR:  80 DATA_OP: 7173 ACC: 65536
  DEBUG    root:machine.py:557 TICK: 168 MPC: 41 PC:  81 ADDR:  80 DATA_OP: 7173 ACC: 65536
  DEBUG    root:machine.py:557 TICK: 169 MPC: 42 PC:  81 ADDR:  81 DATA_OP: 28 ACC: 65536
  DEBUG    root:machine.py:557 TICK: 170 MPC: 43 PC:  85 ADDR:  28 DATA_OP: 28 ACC: 65536
  DEBUG    root:machine.py:557 TICK: 171 MPC: 44 PC:  85 ADDR:  28 DATA_OP: 256 ACC: 65536
  DEBUG    root:machine.py:557 TICK: 172 MPC: 45 PC:  85 ADDR:  85 DATA_OP: 256 ACC: 16777216
  DEBUG    root:machine.py:557 TICK: 173 MPC: 46 PC:  85 ADDR:  85 DATA_OP: 8194 ACC: 16777216
  DEBUG    root:machine.py:557 TICK: 174 MPC: 11 PC:  86 ADDR:  85 DATA_OP: 8194 ACC: 16777216
  DEBUG    root:machine.py:557 TICK: 175 MPC: 12 PC:  86 ADDR:  86 DATA_OP: 32 ACC: 16777216
  DEBUG    root:machine.py:557 TICK: 176 MPC: 13 PC:  90 ADDR:  32 DATA_OP: 32 ACC: 16777216
  DEBUG    root:machine.py:557 TICK: 177 MPC: 14 PC:  90 ADDR:  90 DATA_OP: 10252 ACC: 16777216
  DEBUG    root:machine.py:557 TICK: 178 MPC: 81 PC:  91 ADDR:  90 DATA_OP: 10252 ACC: 16777216
  DEBUG    root:machine.py:557 TICK: 179 MPC: 82 PC:  91 ADDR:  91 DATA_OP: 40 ACC: 16777216
  DEBUG    root:machine.py:557 TICK: 180 MPC: 83 PC:  40 ADDR:  91 DATA_OP: 40 ACC: 16777216
  DEBUG    root:machine.py:557 TICK: 181 MPC: 84 PC:  40 ADDR:  40 DATA_OP: 4109 ACC: 16777216
  DEBUG    root:machine.py:557 TICK: 182 MPC: 15 PC:  41 ADDR:  40 DATA_OP: 4109 ACC: 16777216
  DEBUG    root:machine.py:557 TICK: 183 MPC: 16 PC:  41 ADDR:  41 DATA_OP: 16 ACC: 16777216
  DEBUG    root:machine.py:557 TICK: 184 MPC: 17 PC:  45 ADDR:  16 DATA_OP: 16 ACC: 16777216
  DEBUG    root:machine.py:557 TICK: 185 MPC: 18 PC:  45 ADDR:  16 DATA_OP: 0 ACC: 16777216
  DEBUG    root:machine.py:557 TICK: 186 MPC: 19 PC:  45 ADDR:   0 DATA_OP: 0 ACC: 16777216
  DEBUG    root:machine.py:177 input: np.int32(16777216)
  DEBUG    root:machine.py:557 TICK: 187 MPC: 20 PC:  45 ADDR:   0 DATA_OP: 0 ACC: 16777216
  DEBUG    root:machine.py:557 TICK: 188 MPC: 21 PC:  45 ADDR:  45 DATA_OP: 0 ACC: 0
  DEBUG    root:machine.py:557 TICK: 189 MPC: 22 PC:  45 ADDR:  45 DATA_OP: 8197 ACC: 0
  DEBUG    root:machine.py:557 TICK: 190 MPC: 41 PC:  46 ADDR:  45 DATA_OP: 8197 ACC: 0
  DEBUG    root:machine.py:557 TICK: 191 MPC: 42 PC:  46 ADDR:  46 DATA_OP: 32 ACC: 0
  DEBUG    root:machine.py:557 TICK: 192 MPC: 43 PC:  50 ADDR:  32 DATA_OP: 32 ACC: 0
  DEBUG    root:machine.py:557 TICK: 193 MPC: 44 PC:  50 ADDR:  32 DATA_OP: 16777216 ACC: 0
  DEBUG    root:machine.py:557 TICK: 194 MPC: 45 PC:  50 ADDR:  50 DATA_OP: 16777216 ACC: 0
  DEBUG    root:machine.py:557 TICK: 195 MPC: 46 PC:  50 ADDR:  50 DATA_OP: 5123 ACC: 0
  DEBUG    root:machine.py:557 TICK: 196 MPC: 29 PC:  51 ADDR:  50 DATA_OP: 5123 ACC: 0
  DEBUG    root:machine.py:557 TICK: 197 MPC: 30 PC:  51 ADDR:  51 DATA_OP: 20 ACC: 0
  DEBUG    root:machine.py:557 TICK: 198 MPC: 31 PC:  55 ADDR:  20 DATA_OP: 20 ACC: 0
  DEBUG    root:machine.py:557 TICK: 199 MPC: 32 PC:  55 ADDR:  20 DATA_OP: 5 ACC: 0
  DEBUG    root:machine.py:557 TICK: 200 MPC: 33 PC:  55 ADDR:  55 DATA_OP: 5 ACC: 5
  DEBUG    root:machine.py:557 TICK: 201 MPC: 34 PC:  55 ADDR:  55 DATA_OP: 5122 ACC: 5
  DEBUG    root:machine.py:557 TICK: 202 MPC: 11 PC:  56 ADDR:  55 DATA_OP: 5122 ACC: 5
  DEBUG    root:machine.py:557 TICK: 203 MPC: 12 PC:  56 ADDR:  56 DATA_OP: 20 ACC: 5
  DEBUG    root:machine.py:557 TICK: 204 MPC: 13 PC:  60 ADDR:  20 DATA_OP: 20 ACC: 5
  DEBUG    root:machine.py:557 TICK: 205 MPC: 14 PC:  60 ADDR:  60 DATA_OP: 8193 ACC: 5
  DEBUG    root:machine.py:557 TICK: 206 MPC: 5 PC:  61 ADDR:  60 DATA_OP: 8193 ACC: 5
  DEBUG    root:machine.py:557 TICK: 207 MPC: 6 PC:  61 ADDR:  61 DATA_OP: 32 ACC: 5
  DEBUG    root:machine.py:557 TICK: 208 MPC: 7 PC:  65 ADDR:  32 DATA_OP: 32 ACC: 5
  DEBUG    root:machine.py:557 TICK: 209 MPC: 8 PC:  65 ADDR:  32 DATA_OP: 16777216 ACC: 5
  DEBUG    root:machine.py:557 TICK: 210 MPC: 9 PC:  65 ADDR:  65 DATA_OP: 16777216 ACC: 16777216
  DEBUG    root:machine.py:557 TICK: 211 MPC: 10 PC:  65 ADDR:  65 DATA_OP: 9220 ACC: 16777216
  DEBUG    root:machine.py:557 TICK: 212 MPC: 35 PC:  66 ADDR:  65 DATA_OP: 9220 ACC: 16777216
  DEBUG    root:machine.py:557 TICK: 213 MPC: 36 PC:  66 ADDR:  66 DATA_OP: 36 ACC: 16777216
  DEBUG    root:machine.py:557 TICK: 214 MPC: 37 PC:  70 ADDR:  36 DATA_OP: 36 ACC: 16777216
  DEBUG    root:machine.py:557 TICK: 215 MPC: 38 PC:  70 ADDR:  36 DATA_OP: 16777216 ACC: 16777216
  DEBUG    root:machine.py:557 TICK: 216 MPC: 39 PC:  70 ADDR:  70 DATA_OP: 16777216 ACC: 0
  DEBUG    root:machine.py:557 TICK: 217 MPC: 40 PC:  70 ADDR:  70 DATA_OP: 24328 ACC: 0
  DEBUG    root:machine.py:557 TICK: 218 MPC: 65 PC:  71 ADDR:  70 DATA_OP: 24328 ACC: 0
  DEBUG    root:machine.py:557 TICK: 219 MPC: 66 PC:  71 ADDR:  71 DATA_OP: 95 ACC: 0
  DEBUG    root:machine.py:557 TICK: 220 MPC: 67 PC:  95 ADDR:  71 DATA_OP: 95 ACC: 0
  DEBUG    root:machine.py:557 TICK: 221 MPC: 68 PC:  95 ADDR:  95 DATA_OP: 4109 ACC: 0
  DEBUG    root:machine.py:557 TICK: 222 MPC: 15 PC:  96 ADDR:  95 DATA_OP: 4109 ACC: 0
  DEBUG    root:machine.py:557 TICK: 223 MPC: 16 PC:  96 ADDR:  96 DATA_OP: 16 ACC: 0
  DEBUG    root:machine.py:557 TICK: 224 MPC: 17 PC: 100 ADDR:  16 DATA_OP: 16 ACC: 0
  DEBUG    root:machine.py:557 TICK: 225 MPC: 18 PC: 100 ADDR:  16 DATA_OP: 0 ACC: 0
  DEBUG    root:machine.py:557 TICK: 226 MPC: 19 PC: 100 ADDR:   0 DATA_OP: 0 ACC: 0
  DEBUG    root:machine.py:177 input: np.int32(0)
  DEBUG    root:machine.py:557 TICK: 227 MPC: 20 PC: 100 ADDR:   0 DATA_OP: 80 ACC: 0
  DEBUG    root:machine.py:557 TICK: 228 MPC: 21 PC: 100 ADDR: 100 DATA_OP: 80 ACC: 80
  DEBUG    root:machine.py:557 TICK: 229 MPC: 22 PC: 100 ADDR: 100 DATA_OP: 3086 ACC: 80
  DEBUG    root:machine.py:557 TICK: 230 MPC: 23 PC: 101 ADDR: 100 DATA_OP: 3086 ACC: 80
  DEBUG    root:machine.py:557 TICK: 231 MPC: 24 PC: 101 ADDR: 101 DATA_OP: 12 ACC: 80
  DEBUG    root:machine.py:557 TICK: 232 MPC: 25 PC: 105 ADDR:  12 DATA_OP: 12 ACC: 80
  DEBUG    root:machine.py:557 TICK: 233 MPC: 26 PC: 105 ADDR:  12 DATA_OP: 4 ACC: 80
  DEBUG    root:machine.py:184 output: '' << 80
  DEBUG    root:machine.py:557 TICK: 234 MPC: 27 PC: 105 ADDR:   4 DATA_OP: 4 ACC: 80
  DEBUG    root:machine.py:557 TICK: 235 MPC: 28 PC: 105 ADDR: 105 DATA_OP: 5121 ACC: 80
  DEBUG    root:machine.py:557 TICK: 236 MPC: 5 PC: 106 ADDR: 105 DATA_OP: 5121 ACC: 80
  DEBUG    root:machine.py:557 TICK: 237 MPC: 6 PC: 106 ADDR: 106 DATA_OP: 20 ACC: 80
  DEBUG    root:machine.py:557 TICK: 238 MPC: 7 PC: 110 ADDR:  20 DATA_OP: 20 ACC: 80
  DEBUG    root:machine.py:557 TICK: 239 MPC: 8 PC: 110 ADDR:  20 DATA_OP: 5 ACC: 80
  DEBUG    root:machine.py:557 TICK: 240 MPC: 9 PC: 110 ADDR: 110 DATA_OP: 5 ACC: 5
  DEBUG    root:machine.py:557 TICK: 241 MPC: 10 PC: 110 ADDR: 110 DATA_OP: 2052 ACC: 5
  DEBUG    root:machine.py:557 TICK: 242 MPC: 35 PC: 111 ADDR: 110 DATA_OP: 2052 ACC: 5
  DEBUG    root:machine.py:557 TICK: 243 MPC: 36 PC: 111 ADDR: 111 DATA_OP: 8 ACC: 5
  DEBUG    root:machine.py:557 TICK: 244 MPC: 37 PC: 115 ADDR:   8 DATA_OP: 8 ACC: 5
  DEBUG    root:machine.py:557 TICK: 245 MPC: 38 PC: 115 ADDR:   8 DATA_OP: 1 ACC: 5
  DEBUG    root:machine.py:557 TICK: 246 MPC: 39 PC: 115 ADDR: 115 DATA_OP: 1 ACC: 4
  DEBUG    root:machine.py:557 TICK: 247 MPC: 40 PC: 115 ADDR: 115 DATA_OP: 33288 ACC: 4
  DEBUG    root:machine.py:557 TICK: 248 MPC: 65 PC: 116 ADDR: 115 DATA_OP: 33288 ACC: 4
  DEBUG    root:machine.py:557 TICK: 249 MPC: 66 PC: 116 ADDR: 116 DATA_OP: 130 ACC: 4
  DEBUG    root:machine.py:557 TICK: 250 MPC: 67 PC: 120 ADDR: 116 DATA_OP: 130 ACC: 4
  DEBUG    root:machine.py:557 TICK: 251 MPC: 68 PC: 120 ADDR: 120 DATA_OP: 5122 ACC: 4
  DEBUG    root:machine.py:557 TICK: 252 MPC: 11 PC: 121 ADDR: 120 DATA_OP: 5122 ACC: 4
  DEBUG    root:machine.py:557 TICK: 253 MPC: 12 PC: 121 ADDR: 121 DATA_OP: 20 ACC: 4
  DEBUG    root:machine.py:557 TICK: 254 MPC: 13 PC: 125 ADDR:  20 DATA_OP: 20 ACC: 4
  DEBUG    root:machine.py:557 TICK: 255 MPC: 14 PC: 125 ADDR: 125 DATA_OP: 24332 ACC: 4
  DEBUG    root:machine.py:557 TICK: 256 MPC: 81 PC: 126 ADDR: 125 DATA_OP: 24332 ACC: 4
  DEBUG    root:machine.py:557 TICK: 257 MPC: 82 PC: 126 ADDR: 126 DATA_OP: 95 ACC: 4
  DEBUG    root:machine.py:557 TICK: 258 MPC: 83 PC:  95 ADDR: 126 DATA_OP: 95 ACC: 4
  DEBUG    root:machine.py:557 TICK: 259 MPC: 84 PC:  95 ADDR:  95 DATA_OP: 4109 ACC: 4
  DEBUG    root:machine.py:557 TICK: 260 MPC: 15 PC:  96 ADDR:  95 DATA_OP: 4109 ACC: 4
  DEBUG    root:machine.py:557 TICK: 261 MPC: 16 PC:  96 ADDR:  96 DATA_OP: 16 ACC: 4
  DEBUG    root:machine.py:557 TICK: 262 MPC: 17 PC: 100 ADDR:  16 DATA_OP: 16 ACC: 4
  DEBUG    root:machine.py:557 TICK: 263 MPC: 18 PC: 100 ADDR:  16 DATA_OP: 0 ACC: 4
  DEBUG    root:machine.py:557 TICK: 264 MPC: 19 PC: 100 ADDR:   0 DATA_OP: 0 ACC: 4
  DEBUG    root:machine.py:177 input: np.int32(4)
  DEBUG    root:machine.py:557 TICK: 265 MPC: 20 PC: 100 ADDR:   0 DATA_OP: 97 ACC: 4
  DEBUG    root:machine.py:557 TICK: 266 MPC: 21 PC: 100 ADDR: 100 DATA_OP: 97 ACC: 97
  DEBUG    root:machine.py:557 TICK: 267 MPC: 22 PC: 100 ADDR: 100 DATA_OP: 3086 ACC: 97
  DEBUG    root:machine.py:557 TICK: 268 MPC: 23 PC: 101 ADDR: 100 DATA_OP: 3086 ACC: 97
  DEBUG    root:machine.py:557 TICK: 269 MPC: 24 PC: 101 ADDR: 101 DATA_OP: 12 ACC: 97
  DEBUG    root:machine.py:557 TICK: 270 MPC: 25 PC: 105 ADDR:  12 DATA_OP: 12 ACC: 97
  DEBUG    root:machine.py:557 TICK: 271 MPC: 26 PC: 105 ADDR:  12 DATA_OP: 4 ACC: 97
  DEBUG    root:machine.py:184 output: '80' << 97
  DEBUG    root:machine.py:557 TICK: 272 MPC: 27 PC: 105 ADDR:   4 DATA_OP: 4 ACC: 97
  DEBUG    root:machine.py:557 TICK: 273 MPC: 28 PC: 105 ADDR: 105 DATA_OP: 5121 ACC: 97
  DEBUG    root:machine.py:557 TICK: 274 MPC: 5 PC: 106 ADDR: 105 DATA_OP: 5121 ACC: 97
  DEBUG    root:machine.py:557 TICK: 275 MPC: 6 PC: 106 ADDR: 106 DATA_OP: 20 ACC: 97
  DEBUG    root:machine.py:557 TICK: 276 MPC: 7 PC: 110 ADDR:  20 DATA_OP: 20 ACC: 97
  DEBUG    root:machine.py:557 TICK: 277 MPC: 8 PC: 110 ADDR:  20 DATA_OP: 4 ACC: 97
  DEBUG    root:machine.py:557 TICK: 278 MPC: 9 PC: 110 ADDR: 110 DATA_OP: 4 ACC: 4
  DEBUG    root:machine.py:557 TICK: 279 MPC: 10 PC: 110 ADDR: 110 DATA_OP: 2052 ACC: 4
  DEBUG    root:machine.py:557 TICK: 280 MPC: 35 PC: 111 ADDR: 110 DATA_OP: 2052 ACC: 4
  DEBUG    root:machine.py:557 TICK: 281 MPC: 36 PC: 111 ADDR: 111 DATA_OP: 8 ACC: 4
  DEBUG    root:machine.py:557 TICK: 282 MPC: 37 PC: 115 ADDR:   8 DATA_OP: 8 ACC: 4
  DEBUG    root:machine.py:557 TICK: 283 MPC: 38 PC: 115 ADDR:   8 DATA_OP: 1 ACC: 4
  DEBUG    root:machine.py:557 TICK: 284 MPC: 39 PC: 115 ADDR: 115 DATA_OP: 1 ACC: 3
  DEBUG    root:machine.py:557 TICK: 285 MPC: 40 PC: 115 ADDR: 115 DATA_OP: 33288 ACC: 3
  DEBUG    root:machine.py:557 TICK: 286 MPC: 65 PC: 116 ADDR: 115 DATA_OP: 33288 ACC: 3
  DEBUG    root:machine.py:557 TICK: 287 MPC: 66 PC: 116 ADDR: 116 DATA_OP: 130 ACC: 3
  DEBUG    root:machine.py:557 TICK: 288 MPC: 67 PC: 120 ADDR: 116 DATA_OP: 130 ACC: 3
  DEBUG    root:machine.py:557 TICK: 289 MPC: 68 PC: 120 ADDR: 120 DATA_OP: 5122 ACC: 3
  DEBUG    root:machine.py:557 TICK: 290 MPC: 11 PC: 121 ADDR: 120 DATA_OP: 5122 ACC: 3
  DEBUG    root:machine.py:557 TICK: 291 MPC: 12 PC: 121 ADDR: 121 DATA_OP: 20 ACC: 3
  DEBUG    root:machine.py:557 TICK: 292 MPC: 13 PC: 125 ADDR:  20 DATA_OP: 20 ACC: 3
  DEBUG    root:machine.py:557 TICK: 293 MPC: 14 PC: 125 ADDR: 125 DATA_OP: 24332 ACC: 3
  DEBUG    root:machine.py:557 TICK: 294 MPC: 81 PC: 126 ADDR: 125 DATA_OP: 24332 ACC: 3
  DEBUG    root:machine.py:557 TICK: 295 MPC: 82 PC: 126 ADDR: 126 DATA_OP: 95 ACC: 3
  DEBUG    root:machine.py:557 TICK: 296 MPC: 83 PC:  95 ADDR: 126 DATA_OP: 95 ACC: 3
  DEBUG    root:machine.py:557 TICK: 297 MPC: 84 PC:  95 ADDR:  95 DATA_OP: 4109 ACC: 3
  DEBUG    root:machine.py:557 TICK: 298 MPC: 15 PC:  96 ADDR:  95 DATA_OP: 4109 ACC: 3
  DEBUG    root:machine.py:557 TICK: 299 MPC: 16 PC:  96 ADDR:  96 DATA_OP: 16 ACC: 3
  DEBUG    root:machine.py:557 TICK: 300 MPC: 17 PC: 100 ADDR:  16 DATA_OP: 16 ACC: 3
  DEBUG    root:machine.py:557 TICK: 301 MPC: 18 PC: 100 ADDR:  16 DATA_OP: 0 ACC: 3
  DEBUG    root:machine.py:557 TICK: 302 MPC: 19 PC: 100 ADDR:   0 DATA_OP: 0 ACC: 3
  DEBUG    root:machine.py:177 input: np.int32(3)
  DEBUG    root:machine.py:557 TICK: 303 MPC: 20 PC: 100 ADDR:   0 DATA_OP: 118 ACC: 3
  DEBUG    root:machine.py:557 TICK: 304 MPC: 21 PC: 100 ADDR: 100 DATA_OP: 118 ACC: 118
  DEBUG    root:machine.py:557 TICK: 305 MPC: 22 PC: 100 ADDR: 100 DATA_OP: 3086 ACC: 118
  DEBUG    root:machine.py:557 TICK: 306 MPC: 23 PC: 101 ADDR: 100 DATA_OP: 3086 ACC: 118
  DEBUG    root:machine.py:557 TICK: 307 MPC: 24 PC: 101 ADDR: 101 DATA_OP: 12 ACC: 118
  DEBUG    root:machine.py:557 TICK: 308 MPC: 25 PC: 105 ADDR:  12 DATA_OP: 12 ACC: 118
  DEBUG    root:machine.py:557 TICK: 309 MPC: 26 PC: 105 ADDR:  12 DATA_OP: 4 ACC: 118
  DEBUG    root:machine.py:184 output: '80 97' << 118
  DEBUG    root:machine.py:557 TICK: 310 MPC: 27 PC: 105 ADDR:   4 DATA_OP: 4 ACC: 118
  DEBUG    root:machine.py:557 TICK: 311 MPC: 28 PC: 105 ADDR: 105 DATA_OP: 5121 ACC: 118
  DEBUG    root:machine.py:557 TICK: 312 MPC: 5 PC: 106 ADDR: 105 DATA_OP: 5121 ACC: 118
  DEBUG    root:machine.py:557 TICK: 313 MPC: 6 PC: 106 ADDR: 106 DATA_OP: 20 ACC: 118
  DEBUG    root:machine.py:557 TICK: 314 MPC: 7 PC: 110 ADDR:  20 DATA_OP: 20 ACC: 118
  DEBUG    root:machine.py:557 TICK: 315 MPC: 8 PC: 110 ADDR:  20 DATA_OP: 3 ACC: 118
  DEBUG    root:machine.py:557 TICK: 316 MPC: 9 PC: 110 ADDR: 110 DATA_OP: 3 ACC: 3
  DEBUG    root:machine.py:557 TICK: 317 MPC: 10 PC: 110 ADDR: 110 DATA_OP: 2052 ACC: 3
  DEBUG    root:machine.py:557 TICK: 318 MPC: 35 PC: 111 ADDR: 110 DATA_OP: 2052 ACC: 3
  DEBUG    root:machine.py:557 TICK: 319 MPC: 36 PC: 111 ADDR: 111 DATA_OP: 8 ACC: 3
  DEBUG    root:machine.py:557 TICK: 320 MPC: 37 PC: 115 ADDR:   8 DATA_OP: 8 ACC: 3
  DEBUG    root:machine.py:557 TICK: 321 MPC: 38 PC: 115 ADDR:   8 DATA_OP: 1 ACC: 3
  DEBUG    root:machine.py:557 TICK: 322 MPC: 39 PC: 115 ADDR: 115 DATA_OP: 1 ACC: 2
  DEBUG    root:machine.py:557 TICK: 323 MPC: 40 PC: 115 ADDR: 115 DATA_OP: 33288 ACC: 2
  DEBUG    root:machine.py:557 TICK: 324 MPC: 65 PC: 116 ADDR: 115 DATA_OP: 33288 ACC: 2
  DEBUG    root:machine.py:557 TICK: 325 MPC: 66 PC: 116 ADDR: 116 DATA_OP: 130 ACC: 2
  DEBUG    root:machine.py:557 TICK: 326 MPC: 67 PC: 120 ADDR: 116 DATA_OP: 130 ACC: 2
  DEBUG    root:machine.py:557 TICK: 327 MPC: 68 PC: 120 ADDR: 120 DATA_OP: 5122 ACC: 2
  DEBUG    root:machine.py:557 TICK: 328 MPC: 11 PC: 121 ADDR: 120 DATA_OP: 5122 ACC: 2
  DEBUG    root:machine.py:557 TICK: 329 MPC: 12 PC: 121 ADDR: 121 DATA_OP: 20 ACC: 2
  DEBUG    root:machine.py:557 TICK: 330 MPC: 13 PC: 125 ADDR:  20 DATA_OP: 20 ACC: 2
  DEBUG    root:machine.py:557 TICK: 331 MPC: 14 PC: 125 ADDR: 125 DATA_OP: 24332 ACC: 2
  DEBUG    root:machine.py:557 TICK: 332 MPC: 81 PC: 126 ADDR: 125 DATA_OP: 24332 ACC: 2
  DEBUG    root:machine.py:557 TICK: 333 MPC: 82 PC: 126 ADDR: 126 DATA_OP: 95 ACC: 2
  DEBUG    root:machine.py:557 TICK: 334 MPC: 83 PC:  95 ADDR: 126 DATA_OP: 95 ACC: 2
  DEBUG    root:machine.py:557 TICK: 335 MPC: 84 PC:  95 ADDR:  95 DATA_OP: 4109 ACC: 2
  DEBUG    root:machine.py:557 TICK: 336 MPC: 15 PC:  96 ADDR:  95 DATA_OP: 4109 ACC: 2
  DEBUG    root:machine.py:557 TICK: 337 MPC: 16 PC:  96 ADDR:  96 DATA_OP: 16 ACC: 2
  DEBUG    root:machine.py:557 TICK: 338 MPC: 17 PC: 100 ADDR:  16 DATA_OP: 16 ACC: 2
  DEBUG    root:machine.py:557 TICK: 339 MPC: 18 PC: 100 ADDR:  16 DATA_OP: 0 ACC: 2
  DEBUG    root:machine.py:557 TICK: 340 MPC: 19 PC: 100 ADDR:   0 DATA_OP: 0 ACC: 2
  DEBUG    root:machine.py:177 input: np.int32(2)
  DEBUG    root:machine.py:557 TICK: 341 MPC: 20 PC: 100 ADDR:   0 DATA_OP: 101 ACC: 2
  DEBUG    root:machine.py:557 TICK: 342 MPC: 21 PC: 100 ADDR: 100 DATA_OP: 101 ACC: 101
  DEBUG    root:machine.py:557 TICK: 343 MPC: 22 PC: 100 ADDR: 100 DATA_OP: 3086 ACC: 101
  DEBUG    root:machine.py:557 TICK: 344 MPC: 23 PC: 101 ADDR: 100 DATA_OP: 3086 ACC: 101
  DEBUG    root:machine.py:557 TICK: 345 MPC: 24 PC: 101 ADDR: 101 DATA_OP: 12 ACC: 101
  DEBUG    root:machine.py:557 TICK: 346 MPC: 25 PC: 105 ADDR:  12 DATA_OP: 12 ACC: 101
  DEBUG    root:machine.py:557 TICK: 347 MPC: 26 PC: 105 ADDR:  12 DATA_OP: 4 ACC: 101
  DEBUG    root:machine.py:184 output: '80 97 118' << 101
  DEBUG    root:machine.py:557 TICK: 348 MPC: 27 PC: 105 ADDR:   4 DATA_OP: 4 ACC: 101
  DEBUG    root:machine.py:557 TICK: 349 MPC: 28 PC: 105 ADDR: 105 DATA_OP: 5121 ACC: 101
  DEBUG    root:machine.py:557 TICK: 350 MPC: 5 PC: 106 ADDR: 105 DATA_OP: 5121 ACC: 101
  DEBUG    root:machine.py:557 TICK: 351 MPC: 6 PC: 106 ADDR: 106 DATA_OP: 20 ACC: 101
  DEBUG    root:machine.py:557 TICK: 352 MPC: 7 PC: 110 ADDR:  20 DATA_OP: 20 ACC: 101
  DEBUG    root:machine.py:557 TICK: 353 MPC: 8 PC: 110 ADDR:  20 DATA_OP: 2 ACC: 101
  DEBUG    root:machine.py:557 TICK: 354 MPC: 9 PC: 110 ADDR: 110 DATA_OP: 2 ACC: 2
  DEBUG    root:machine.py:557 TICK: 355 MPC: 10 PC: 110 ADDR: 110 DATA_OP: 2052 ACC: 2
  DEBUG    root:machine.py:557 TICK: 356 MPC: 35 PC: 111 ADDR: 110 DATA_OP: 2052 ACC: 2
  DEBUG    root:machine.py:557 TICK: 357 MPC: 36 PC: 111 ADDR: 111 DATA_OP: 8 ACC: 2
  DEBUG    root:machine.py:557 TICK: 358 MPC: 37 PC: 115 ADDR:   8 DATA_OP: 8 ACC: 2
  DEBUG    root:machine.py:557 TICK: 359 MPC: 38 PC: 115 ADDR:   8 DATA_OP: 1 ACC: 2
  DEBUG    root:machine.py:557 TICK: 360 MPC: 39 PC: 115 ADDR: 115 DATA_OP: 1 ACC: 1
  DEBUG    root:machine.py:557 TICK: 361 MPC: 40 PC: 115 ADDR: 115 DATA_OP: 33288 ACC: 1
  DEBUG    root:machine.py:557 TICK: 362 MPC: 65 PC: 116 ADDR: 115 DATA_OP: 33288 ACC: 1
  DEBUG    root:machine.py:557 TICK: 363 MPC: 66 PC: 116 ADDR: 116 DATA_OP: 130 ACC: 1
  DEBUG    root:machine.py:557 TICK: 364 MPC: 67 PC: 120 ADDR: 116 DATA_OP: 130 ACC: 1
  DEBUG    root:machine.py:557 TICK: 365 MPC: 68 PC: 120 ADDR: 120 DATA_OP: 5122 ACC: 1
  DEBUG    root:machine.py:557 TICK: 366 MPC: 11 PC: 121 ADDR: 120 DATA_OP: 5122 ACC: 1
  DEBUG    root:machine.py:557 TICK: 367 MPC: 12 PC: 121 ADDR: 121 DATA_OP: 20 ACC: 1
  DEBUG    root:machine.py:557 TICK: 368 MPC: 13 PC: 125 ADDR:  20 DATA_OP: 20 ACC: 1
  DEBUG    root:machine.py:557 TICK: 369 MPC: 14 PC: 125 ADDR: 125 DATA_OP: 24332 ACC: 1
  DEBUG    root:machine.py:557 TICK: 370 MPC: 81 PC: 126 ADDR: 125 DATA_OP: 24332 ACC: 1
  DEBUG    root:machine.py:557 TICK: 371 MPC: 82 PC: 126 ADDR: 126 DATA_OP: 95 ACC: 1
  DEBUG    root:machine.py:557 TICK: 372 MPC: 83 PC:  95 ADDR: 126 DATA_OP: 95 ACC: 1
  DEBUG    root:machine.py:557 TICK: 373 MPC: 84 PC:  95 ADDR:  95 DATA_OP: 4109 ACC: 1
  DEBUG    root:machine.py:557 TICK: 374 MPC: 15 PC:  96 ADDR:  95 DATA_OP: 4109 ACC: 1
  DEBUG    root:machine.py:557 TICK: 375 MPC: 16 PC:  96 ADDR:  96 DATA_OP: 16 ACC: 1
  DEBUG    root:machine.py:557 TICK: 376 MPC: 17 PC: 100 ADDR:  16 DATA_OP: 16 ACC: 1
  DEBUG    root:machine.py:557 TICK: 377 MPC: 18 PC: 100 ADDR:  16 DATA_OP: 0 ACC: 1
  DEBUG    root:machine.py:557 TICK: 378 MPC: 19 PC: 100 ADDR:   0 DATA_OP: 0 ACC: 1
  DEBUG    root:machine.py:177 input: np.int32(1)
  DEBUG    root:machine.py:557 TICK: 379 MPC: 20 PC: 100 ADDR:   0 DATA_OP: 108 ACC: 1
  DEBUG    root:machine.py:557 TICK: 380 MPC: 21 PC: 100 ADDR: 100 DATA_OP: 108 ACC: 108
  DEBUG    root:machine.py:557 TICK: 381 MPC: 22 PC: 100 ADDR: 100 DATA_OP: 3086 ACC: 108
  DEBUG    root:machine.py:557 TICK: 382 MPC: 23 PC: 101 ADDR: 100 DATA_OP: 3086 ACC: 108
  DEBUG    root:machine.py:557 TICK: 383 MPC: 24 PC: 101 ADDR: 101 DATA_OP: 12 ACC: 108
  DEBUG    root:machine.py:557 TICK: 384 MPC: 25 PC: 105 ADDR:  12 DATA_OP: 12 ACC: 108
  DEBUG    root:machine.py:557 TICK: 385 MPC: 26 PC: 105 ADDR:  12 DATA_OP: 4 ACC: 108
  DEBUG    root:machine.py:184 output: '80 97 118 101' << 108
  DEBUG    root:machine.py:557 TICK: 386 MPC: 27 PC: 105 ADDR:   4 DATA_OP: 4 ACC: 108
  DEBUG    root:machine.py:557 TICK: 387 MPC: 28 PC: 105 ADDR: 105 DATA_OP: 5121 ACC: 108
  DEBUG    root:machine.py:557 TICK: 388 MPC: 5 PC: 106 ADDR: 105 DATA_OP: 5121 ACC: 108
  DEBUG    root:machine.py:557 TICK: 389 MPC: 6 PC: 106 ADDR: 106 DATA_OP: 20 ACC: 108
  DEBUG    root:machine.py:557 TICK: 390 MPC: 7 PC: 110 ADDR:  20 DATA_OP: 20 ACC: 108
  DEBUG    root:machine.py:557 TICK: 391 MPC: 8 PC: 110 ADDR:  20 DATA_OP: 1 ACC: 108
  DEBUG    root:machine.py:557 TICK: 392 MPC: 9 PC: 110 ADDR: 110 DATA_OP: 1 ACC: 1
  DEBUG    root:machine.py:557 TICK: 393 MPC: 10 PC: 110 ADDR: 110 DATA_OP: 2052 ACC: 1
  DEBUG    root:machine.py:557 TICK: 394 MPC: 35 PC: 111 ADDR: 110 DATA_OP: 2052 ACC: 1
  DEBUG    root:machine.py:557 TICK: 395 MPC: 36 PC: 111 ADDR: 111 DATA_OP: 8 ACC: 1
  DEBUG    root:machine.py:557 TICK: 396 MPC: 37 PC: 115 ADDR:   8 DATA_OP: 8 ACC: 1
  DEBUG    root:machine.py:557 TICK: 397 MPC: 38 PC: 115 ADDR:   8 DATA_OP: 1 ACC: 1
  DEBUG    root:machine.py:557 TICK: 398 MPC: 39 PC: 115 ADDR: 115 DATA_OP: 1 ACC: 0
  DEBUG    root:machine.py:557 TICK: 399 MPC: 40 PC: 115 ADDR: 115 DATA_OP: 33288 ACC: 0
  DEBUG    root:machine.py:557 TICK: 400 MPC: 65 PC: 116 ADDR: 115 DATA_OP: 33288 ACC: 0
  DEBUG    root:machine.py:557 TICK: 401 MPC: 66 PC: 116 ADDR: 116 DATA_OP: 130 ACC: 0
  DEBUG    root:machine.py:557 TICK: 402 MPC: 67 PC: 130 ADDR: 116 DATA_OP: 130 ACC: 0
  DEBUG    root:machine.py:557 TICK: 403 MPC: 68 PC: 130 ADDR: 130 DATA_OP: 16 ACC: 0
  DEBUG    root:machine.py:557 TICK: 404 MPC: 4 PC: 131 ADDR: 130 DATA_OP: 16 ACC: 0
  INFO     root:machine.py:611 output_buffer: 'Pavel'
  INFO     root:machine.py:612 general tick count: 404
  EOF
